// Vitest Snapshot v1, https://vitest.dev/guide/snapshot.html

exports[`Logo > should match snapshot 1`] = `
<a
  data-discover="true"
  href="/"
>
  <div
    class="flex items-center gap-1"
  >
    <svg
      class="lucide lucide-house size-6"
      fill="none"
      height="24"
      stroke="currentColor"
      stroke-linecap="round"
      stroke-linejoin="round"
      stroke-width="2"
      viewBox="0 0 24 24"
      width="24"
      xmlns="http://www.w3.org/2000/svg"
    >
      <path
        d="M15 21v-8a1 1 0 0 0-1-1h-4a1 1 0 0 0-1 1v8"
      />
      <path
        d="M3 10a2 2 0 0 1 .709-1.528l7-5.999a2 2 0 0 1 2.582 0l7 5.999A2 2 0 0 1 21 10v9a2 2 0 0 1-2 2H5a2 2 0 0 1-2-2z"
      />
    </svg>
    <span
      class="font-sans font-semibold leading-none text-lg text-foreground"
    >
      Real Estate
    </span>
  </div>
</a>
`;
