// Vitest Snapshot v1, https://vitest.dev/guide/snapshot.html

exports[`PropertyCard > should match snapshot 1`] = `
<DocumentFragment>
  <div
    aria-label="Lovely House with Mountain View in 42 Rue de Rivoli, Paris, France for $349,000"
    class="rounded-xl border bg-card text-card-foreground shadow overflow-hidden cursor-pointer hover:-translate-y-2 transition-all duration-300"
    role="article"
    tabindex="0"
  >
    <div
      class="flex flex-col space-y-1.5 relative p-0"
    >
      <div
        class="w-full h-[200px] bg-muted animate-pulse"
        data-testid="loading-placeholder"
      />
      <img
        alt="Lovely House with Mountain View"
        class="w-full h-[200px] object-cover hidden"
        src="https://images.unsplash.com/photo-1588880331179-bc9b93a8cb5e?q=90&fm=jpg&w=300&fit=max"
      />
    </div>
    <div
      class="p-4 flex flex-col gap-2"
    >
      <div
        class="flex flex-col"
      >
        <h3
          class="text-lg font-semibold text-foreground truncate"
        >
          Lovely House with Mountain View
        </h3>
        <p
          class="text-sm font-display text-foreground/80 truncate"
        >
          42 Rue de Rivoli, Paris, France
        </p>
      </div>
      <span
        class="text-xl font-display font-semibold"
      >
        $349,000
      </span>
      <div
        class="bg-border shrink-0 data-[orientation=horizontal]:h-px data-[orientation=horizontal]:w-full data-[orientation=vertical]:h-full data-[orientation=vertical]:w-px mt-2"
        data-orientation="horizontal"
        data-slot="separator-root"
        role="none"
      />
    </div>
    <div
      class="items-center p-6 px-4 pt-0 pb-4 grid grid-cols-4 gap-2 text-sm text-foreground/80 w-full"
    >
      <div
        class="flex flex-col items-center gap-1"
      >
        <div
          class="flex items-center justify-center gap-1"
        >
          <svg
            class="lucide lucide-bed-double size-5"
            fill="none"
            height="24"
            stroke="currentColor"
            stroke-linecap="round"
            stroke-linejoin="round"
            stroke-width="2"
            viewBox="0 0 24 24"
            width="24"
            xmlns="http://www.w3.org/2000/svg"
          >
            <path
              d="M2 20v-8a2 2 0 0 1 2-2h16a2 2 0 0 1 2 2v8"
            />
            <path
              d="M4 10V6a2 2 0 0 1 2-2h12a2 2 0 0 1 2 2v4"
            />
            <path
              d="M12 4v6"
            />
            <path
              d="M2 18h20"
            />
          </svg>
          <span
            class="text-sm font-medium"
          >
            4
          </span>
        </div>
        <span
          class="text-xs font-medium"
        >
          Bedrooms
        </span>
      </div>
      <div
        class="flex flex-col items-center gap-1"
      >
        <div
          class="flex items-center justify-center gap-1"
        >
          <svg
            class="lucide lucide-bath size-5"
            fill="none"
            height="24"
            stroke="currentColor"
            stroke-linecap="round"
            stroke-linejoin="round"
            stroke-width="2"
            viewBox="0 0 24 24"
            width="24"
            xmlns="http://www.w3.org/2000/svg"
          >
            <path
              d="M10 4 8 6"
            />
            <path
              d="M17 19v2"
            />
            <path
              d="M2 12h20"
            />
            <path
              d="M7 19v2"
            />
            <path
              d="M9 5 7.621 3.621A2.121 2.121 0 0 0 4 5v12a2 2 0 0 0 2 2h12a2 2 0 0 0 2-2v-5"
            />
          </svg>
          <span
            class="text-sm font-medium"
          >
            3
          </span>
        </div>
        <span
          class="text-xs font-medium"
        >
          Bathrooms
        </span>
      </div>
      <div
        class="flex flex-col items-center gap-1"
      >
        <div
          class="flex items-center justify-center gap-1"
        >
          <svg
            class="lucide lucide-ruler size-5"
            fill="none"
            height="24"
            stroke="currentColor"
            stroke-linecap="round"
            stroke-linejoin="round"
            stroke-width="2"
            viewBox="0 0 24 24"
            width="24"
            xmlns="http://www.w3.org/2000/svg"
          >
            <path
              d="M21.3 15.3a2.4 2.4 0 0 1 0 3.4l-2.6 2.6a2.4 2.4 0 0 1-3.4 0L2.7 8.7a2.41 2.41 0 0 1 0-3.4l2.6-2.6a2.41 2.41 0 0 1 3.4 0Z"
            />
            <path
              d="m14.5 12.5 2-2"
            />
            <path
              d="m11.5 9.5 2-2"
            />
            <path
              d="m8.5 6.5 2-2"
            />
            <path
              d="m17.5 15.5 2-2"
            />
          </svg>
          <span
            class="text-sm font-medium"
          >
            4638
          </span>
        </div>
        <span
          class="text-xs font-medium"
        >
          Total area
        </span>
      </div>
      <div
        class="flex flex-col items-center gap-1"
      >
        <div
          class="flex items-center justify-center gap-1"
        >
          <svg
            class="lucide lucide-car size-5"
            fill="none"
            height="24"
            stroke="currentColor"
            stroke-linecap="round"
            stroke-linejoin="round"
            stroke-width="2"
            viewBox="0 0 24 24"
            width="24"
            xmlns="http://www.w3.org/2000/svg"
          >
            <path
              d="M19 17h2c.6 0 1-.4 1-1v-3c0-.9-.7-1.7-1.5-1.9C18.7 10.6 16 10 16 10s-1.3-1.4-2.2-2.3c-.5-.4-1.1-.7-1.8-.7H5c-.6 0-1.1.4-1.4.9l-1.4 2.9A3.7 3.7 0 0 0 2 12v4c0 .6.4 1 1 1h2"
            />
            <circle
              cx="7"
              cy="17"
              r="2"
            />
            <path
              d="M9 17h6"
            />
            <circle
              cx="17"
              cy="17"
              r="2"
            />
          </svg>
          <span
            class="text-sm font-medium"
          >
            4
          </span>
        </div>
        <span
          class="text-xs font-medium"
        >
          Parking
        </span>
      </div>
    </div>
  </div>
</DocumentFragment>
`;
