// Vitest Snapshot v1, https://vitest.dev/guide/snapshot.html

exports[`Card > should match snapshot with all subcomponents 1`] = `
<div
  class="rounded-xl border bg-card text-card-foreground shadow"
>
  <div
    class="flex flex-col space-y-1.5 p-6"
  >
    <h3
      class="font-semibold leading-none tracking-tight"
    >
      Test Title
    </h3>
    <p
      class="text-sm text-muted-foreground"
    >
      Test Description
    </p>
  </div>
  <div
    class="p-6 pt-0"
  >
    Test Content
  </div>
  <div
    class="flex items-center p-6 pt-0"
  >
    Test Footer
  </div>
</div>
`;
