// Vitest Snapshot v1, https://vitest.dev/guide/snapshot.html

exports[`Separator > should match snapshot 1`] = `
<div>
  <div
    class="bg-border shrink-0 data-[orientation=horizontal]:h-px data-[orientation=horizontal]:w-full data-[orientation=vertical]:h-full data-[orientation=vertical]:w-px"
    data-orientation="horizontal"
    data-slot="separator-root"
    role="none"
  />
</div>
`;
