// Vitest Snapshot v1, https://vitest.dev/guide/snapshot.html

exports[`Skeleton > should match snapshot 1`] = `
<div>
  <div
    class="bg-primary/10 animate-pulse rounded-md w-40 h-10"
    data-slot="skeleton"
  />
</div>
`;
